yarn run v1.22.22
$ next build
鈻?Next.js 16.1.7 (Turbopack)
- Environments: .env.local, .env
- Experiments (use with caution):
  路 staleTimes

  Running TypeScript ...
Failed to compile.

./lib/hooks/useNavItems.tsx:35:11
Type error: Type '{ text: string; nextRoute: { pathname: "/accounts"; }; icon: "navigation/top_accounts"; isActive: boolean; }' is not assignable to type 'NavItem | null'.
  Types of property 'icon' are incompatible.
    Type '"navigation/top_accounts"' is not assignable to type 'IconName | undefined'. Did you mean '"navigation\\top_accounts"'?

  33 |     let blockchainNavItems: Array<NavItem> | Array<Array<NavItem>> = [];
  34 |
> 35 |     const topAccounts: NavItem | null = !config.UI.views.address.hiddenViews?.top_accounts ? {
     |           ^
  36 |       text: 'Top accounts',
  37 |       nextRoute: { pathname: '/accounts' as const },
  38 |       icon: 'navigation/top_accounts',
Next.js build worker exited with code: 1 and signal: null
error Command failed with exit code 1.
info Visit https://yarnpkg.com/en/docs/cli/run for documentation about this command.
